// Jest Snapshot v1, https://goo.gl/fbAQLP

exports[`Login renders correctly 1`] = `
<div
  className="sc-bdfBwQ lozkLg"
>
  <h2>
    Login
  </h2>
  <form
    className="login-form"
    onSubmit={[Function]}
  >
    <div
      className="sc-dlfnbm jqeTBD user-box"
    >
      <input
        onChange={[Function]}
        type="text"
      />
      <label>
        Email:
         
      </label>
    </div>
    <div
      className="sc-dlfnbm jqeTBD user-box"
    >
      <input
        onChange={[Function]}
        type="password"
      />
      <label>
        Password:
         
      </label>
    </div>
    <div
      className="errorMessage"
    >
      
    </div>
    <input
      className="sc-gsTCUz cKOPeO"
      type="submit"
      value="Submit"
    />
  </form>
  <a
    className="pageLink"
    href="/register"
    onClick={[Function]}
  >
    Register
  </a>
</div>
`;
